// Jest Snapshot v1, https://goo.gl/fbAQLP

exports[`renders correctly 1`] = `
<RNCSafeAreaView
  edges={
    {
      "bottom": "additive",
      "left": "additive",
      "right": "additive",
      "top": "additive",
    }
  }
  style={
    {
      "backgroundColor": "#F5F5F5",
      "flex": 1,
    }
  }
>
  <View
    style={
      {
        "alignItems": "center",
        "backgroundColor": "#FFFFFF",
        "borderBottomColor": "#5AC8FA",
        "borderBottomWidth": 1,
        "flexDirection": "row",
        "justifyContent": "space-between",
        "padding": 16,
      }
    }
  >
    <Text
      style={
        {
          "color": "#007AFF",
          "fontSize": 24,
          "fontWeight": "bold",
        }
      }
    >
      ActivityCentre
    </Text>
    <View
      accessibilityState={
        {
          "busy": undefined,
          "checked": undefined,
          "disabled": undefined,
          "expanded": undefined,
          "selected": undefined,
        }
      }
      accessibilityValue={
        {
          "max": undefined,
          "min": undefined,
          "now": undefined,
          "text": undefined,
        }
      }
      accessible={true}
      collapsable={false}
      focusable={true}
      onClick={[Function]}
      onResponderGrant={[Function]}
      onResponderMove={[Function]}
      onResponderRelease={[Function]}
      onResponderTerminate={[Function]}
      onResponderTerminationRequest={[Function]}
      onStartShouldSetResponder={[Function]}
      style={
        {
          "opacity": 1,
        }
      }
    >
      <Text />
    </View>
    <View
      accessibilityState={
        {
          "busy": undefined,
          "checked": undefined,
          "disabled": undefined,
          "expanded": undefined,
          "selected": undefined,
        }
      }
      accessibilityValue={
        {
          "max": undefined,
          "min": undefined,
          "now": undefined,
          "text": undefined,
        }
      }
      accessible={true}
      collapsable={false}
      focusable={true}
      onClick={[Function]}
      onResponderGrant={[Function]}
      onResponderMove={[Function]}
      onResponderRelease={[Function]}
      onResponderTerminate={[Function]}
      onResponderTerminationRequest={[Function]}
      onStartShouldSetResponder={[Function]}
      style={
        {
          "opacity": 1,
        }
      }
    >
      <Text />
    </View>
  </View>
  <RCTScrollView
    contentContainerStyle={
      {
        "alignItems": "center",
        "paddingVertical": 20,
      }
    }
  >
    <View>
      <View
        style={
          {
            "backgroundColor": "#FFFFFF",
            "borderRadius": 12,
            "elevation": 5,
            "marginBottom": 30,
            "padding": 20,
            "shadowColor": "#000000",
            "shadowOffset": {
              "height": 2,
              "width": 0,
            },
            "shadowOpacity": 0.25,
            "shadowRadius": 3.84,
            "width": 675,
          }
        }
      >
        <View
          collapsable={false}
          style={
            {
              "alignItems": "center",
              "opacity": 0,
            }
          }
        >
          <Text />
          <Text
            style={
              {
                "color": "#000000",
                "fontSize": 28,
                "fontWeight": "bold",
                "marginTop": 20,
                "textAlign": "center",
              }
            }
          >
            Welcome to ActivityCentre
          </Text>
          <Text
            style={
              {
                "color": "#000000",
                "fontSize": 16,
                "marginTop": 10,
                "textAlign": "center",
              }
            }
          >
            Your hub for managing and participating in activities.
          </Text>
        </View>
      </View>
      <View
        style={
          {
            "backgroundColor": "#FFFFFF",
            "borderRadius": 12,
            "elevation": 5,
            "marginBottom": 30,
            "padding": 20,
            "shadowColor": "#000000",
            "shadowOffset": {
              "height": 2,
              "width": 0,
            },
            "shadowOpacity": 0.25,
            "shadowRadius": 3.84,
            "width": 675,
          }
        }
      >
        <View
          collapsable={false}
          style={
            {
              "alignItems": "center",
              "flexDirection": "row",
              "opacity": 0,
            }
          }
        >
          <Image
            source={1}
            style={
              {
                "backgroundColor": "#5AC8FA",
                "borderRadius": 40,
                "height": 80,
                "marginRight": 20,
                "width": 80,
              }
            }
          />
          <View
            style={
              {
                "flex": 1,
              }
            }
          >
            <Text
              style={
                {
                  "color": "#000000",
                  "fontSize": 22,
                  "fontWeight": "600",
                }
              }
            >
              Create Activities
            </Text>
            <Text
              style={
                {
                  "color": "#000000",
                  "fontSize": 16,
                  "marginTop": 8,
                }
              }
            >
              Easily create and manage your activities with our intuitive interface.
            </Text>
          </View>
        </View>
      </View>
      <View
        style={
          {
            "backgroundColor": "#FFFFFF",
            "borderRadius": 12,
            "elevation": 5,
            "marginBottom": 30,
            "padding": 20,
            "shadowColor": "#000000",
            "shadowOffset": {
              "height": 2,
              "width": 0,
            },
            "shadowOpacity": 0.25,
            "shadowRadius": 3.84,
            "width": 675,
          }
        }
      >
        <View
          collapsable={false}
          style={
            {
              "alignItems": "center",
              "flexDirection": "row-reverse",
              "opacity": 0,
            }
          }
        >
          <Image
            source={1}
            style={
              {
                "backgroundColor": "#5AC8FA",
                "borderRadius": 40,
                "height": 80,
                "marginRight": 20,
                "width": 80,
              }
            }
          />
          <View
            style={
              {
                "flex": 1,
              }
            }
          >
            <Text
              style={
                {
                  "color": "#000000",
                  "fontSize": 22,
                  "fontWeight": "600",
                }
              }
            >
              Manage Wallet
            </Text>
            <Text
              style={
                {
                  "color": "#000000",
                  "fontSize": 16,
                  "marginTop": 8,
                }
              }
            >
              Keep track of your balance and transactions seamlessly.
            </Text>
          </View>
        </View>
      </View>
      <View
        style={
          {
            "backgroundColor": "#FFFFFF",
            "borderRadius": 12,
            "elevation": 5,
            "marginBottom": 30,
            "padding": 20,
            "shadowColor": "#000000",
            "shadowOffset": {
              "height": 2,
              "width": 0,
            },
            "shadowOpacity": 0.25,
            "shadowRadius": 3.84,
            "width": 675,
          }
        }
      >
        <View
          collapsable={false}
          style={
            {
              "alignItems": "center",
              "opacity": 0,
            }
          }
        >
          <Text />
          <Text
            style={
              {
                "color": "#000000",
                "fontSize": 22,
                "fontWeight": "600",
              }
            }
          >
            Real-Time Updates
          </Text>
          <Text
            style={
              {
                "color": "#000000",
                "fontSize": 16,
                "marginTop": 8,
              }
            }
          >
            Stay updated with the latest activities and wallet changes in real-time.
          </Text>
        </View>
      </View>
      <View
        style={
          {
            "backgroundColor": "#FFFFFF",
            "borderRadius": 12,
            "elevation": 5,
            "marginBottom": 30,
            "padding": 20,
            "shadowColor": "#000000",
            "shadowOffset": {
              "height": 2,
              "width": 0,
            },
            "shadowOpacity": 0.25,
            "shadowRadius": 3.84,
            "width": 675,
          }
        }
      >
        <View
          collapsable={false}
          style={
            {
              "opacity": 0,
            }
          }
        >
          <View
            accessibilityState={
              {
                "busy": undefined,
                "checked": undefined,
                "disabled": undefined,
                "expanded": undefined,
                "selected": undefined,
              }
            }
            accessibilityValue={
              {
                "max": undefined,
                "min": undefined,
                "now": undefined,
                "text": undefined,
              }
            }
            accessible={true}
            collapsable={false}
            focusable={true}
            onClick={[Function]}
            onResponderGrant={[Function]}
            onResponderMove={[Function]}
            onResponderRelease={[Function]}
            onResponderTerminate={[Function]}
            onResponderTerminationRequest={[Function]}
            onStartShouldSetResponder={[Function]}
            style={
              {
                "alignItems": "center",
                "backgroundColor": "#007AFF",
                "borderRadius": 25,
                "marginTop": 20,
                "opacity": 1,
                "paddingHorizontal": 40,
                "paddingVertical": 15,
              }
            }
          >
            <Text
              style={
                {
                  "color": "#FFF",
                  "fontSize": 18,
                  "fontWeight": "600",
                }
              }
            >
              Get Started
            </Text>
          </View>
        </View>
      </View>
    </View>
  </RCTScrollView>
</RNCSafeAreaView>
`;
